// Jest Snapshot v1, https://goo.gl/fbAQLP

exports[`Pruebas en GifGrid should match snapshot 1`] = `
<Fragment>
  <h3>
    Goku
  </h3>
  <p
    className="animate__animated animate__flash"
  >
    Cargando...
  </p>
  <div
    className="card-grid"
  />
</Fragment>
`;
